

================================================================
== Vivado HLS Report for 'top_module'
================================================================
* Date:           Wed Apr 27 12:06:21 2022

* Version:        2019.1 (Build 2552052 on Fri May 24 15:28:33 MDT 2019)
* Project:        integerize_convolution
* Solution:       solution2
* Product family: artix7
* Target device:  xc7a35t-cpg236-1


================================================================
== Performance Estimates
================================================================
+ Timing (ns): 
    * Summary: 
    +--------+-------+----------+------------+
    |  Clock | Target| Estimated| Uncertainty|
    +--------+-------+----------+------------+
    |ap_clk  |  10.00|     8.429|        1.25|
    +--------+-------+----------+------------+

+ Latency (clock cycles): 
    * Summary: 
    +---------+---------+---------+---------+---------+
    |      Latency      |      Interval     | Pipeline|
    |   min   |   max   |   min   |   max   |   Type  |
    +---------+---------+---------+---------+---------+
    |  1491721|  1491721|  1491721|  1491721|   none  |
    +---------+---------+---------+---------+---------+

    + Detail: 
        * Instance: 
        N/A

        * Loop: 
        +---------------------+---------+---------+----------+-----------+-----------+------+----------+
        |                     |      Latency      | Iteration|  Initiation Interval  | Trip |          |
        |      Loop Name      |   min   |   max   |  Latency |  achieved |   target  | Count| Pipelined|
        +---------------------+---------+---------+----------+-----------+-----------+------+----------+
        |- Loop 1             |  1491720|  1491720|     12030|          -|          -|   124|    no    |
        | + Loop 1.1          |    12028|    12028|        97|          -|          -|   124|    no    |
        |  ++ Loop 1.1.1      |       85|       85|        17|          -|          -|     5|    no    |
        |   +++ Loop 1.1.1.1  |       15|       15|         3|          -|          -|     5|    no    |
        +---------------------+---------+---------+----------+-----------+-----------+------+----------+



================================================================
== Utilization Estimates
================================================================
* Summary: 
+-----------------+---------+-------+-------+-------+-----+
|       Name      | BRAM_18K| DSP48E|   FF  |  LUT  | URAM|
+-----------------+---------+-------+-------+-------+-----+
|DSP              |        -|      1|      -|      -|    -|
|Expression       |        -|      -|      0|    506|    -|
|FIFO             |        -|      -|      -|      -|    -|
|Instance         |        -|      3|    482|    513|    -|
|Memory           |        -|      -|      -|      -|    -|
|Multiplexer      |        -|      -|      -|    161|    -|
|Register         |        -|      -|    286|      -|    -|
+-----------------+---------+-------+-------+-------+-----+
|Total            |        0|      4|    768|   1180|    0|
+-----------------+---------+-------+-------+-------+-----+
|Available        |      100|     90|  41600|  20800|    0|
+-----------------+---------+-------+-------+-------+-----+
|Utilization (%)  |        0|      4|      1|      5|    0|
+-----------------+---------+-------+-------+-------+-----+

+ Detail: 
    * Instance: 
    +-------------------------+----------------------+---------+-------+-----+-----+-----+
    |         Instance        |        Module        | BRAM_18K| DSP48E|  FF | LUT | URAM|
    +-------------------------+----------------------+---------+-------+-----+-----+-----+
    |top_module_fmul_3bkb_U1  |top_module_fmul_3bkb  |        0|      3|  143|  140|    0|
    |top_module_sitofpcud_U2  |top_module_sitofpcud  |        0|      0|  339|  373|    0|
    +-------------------------+----------------------+---------+-------+-----+-----+-----+
    |Total                    |                      |        0|      3|  482|  513|    0|
    +-------------------------+----------------------+---------+-------+-----+-----+-----+

    * DSP48E: 
    +-------------------------+----------------------+--------------+
    |         Instance        |        Module        |  Expression  |
    +-------------------------+----------------------+--------------+
    |top_module_mac_mudEe_U3  |top_module_mac_mudEe  | i0 + i1 * i2 |
    +-------------------------+----------------------+--------------+

    * Memory: 
    N/A

    * FIFO: 
    N/A

    * Expression: 
    +-----------------------+----------+-------+---+-----+------------+------------+
    |     Variable Name     | Operation| DSP48E| FF| LUT | Bitwidth P0| Bitwidth P1|
    +-----------------------+----------+-------+---+-----+------------+------------+
    |add_ln215_1_fu_352_p2  |     +    |      0|  0|   15|           6|           6|
    |add_ln215_fu_309_p2    |     +    |      0|  0|   15|           6|           6|
    |add_ln26_fu_366_p2     |     +    |      0|  0|   23|          16|          16|
    |add_ln32_fu_331_p2     |     +    |      0|  0|   22|          15|          15|
    |add_ln339_fu_416_p2    |     +    |      0|  0|   16|           8|           9|
    |i_fu_229_p2            |     +    |      0|  0|   15|           7|           1|
    |j_fu_275_p2            |     +    |      0|  0|   15|           7|           1|
    |k_fu_287_p2            |     +    |      0|  0|   12|           3|           1|
    |l_fu_342_p2            |     +    |      0|  0|   12|           3|           1|
    |x_1_fu_382_p2          |     +    |      0|  0|   15|           8|           1|
    |y_2_fu_376_p2          |     +    |      0|  0|   15|           8|           1|
    |sub_ln1311_fu_430_p2   |     -    |      0|  0|   15|           7|           8|
    |sub_ln32_fu_259_p2     |     -    |      0|  0|   22|          15|          15|
    |icmp_ln11_fu_223_p2    |   icmp   |      0|  0|   11|           7|           4|
    |icmp_ln13_fu_269_p2    |   icmp   |      0|  0|   11|           7|           4|
    |icmp_ln20_fu_281_p2    |   icmp   |      0|  0|    9|           3|           3|
    |icmp_ln22_fu_336_p2    |   icmp   |      0|  0|    9|           3|           3|
    |r_V_fu_470_p2          |   lshr   |      0|  0|   73|          25|          25|
    |output_r_d0            |  select  |      0|  0|    8|           1|           8|
    |ush_fu_452_p3          |  select  |      0|  0|    9|           1|           9|
    |r_V_1_fu_476_p2        |    shl   |      0|  0|  164|          55|          55|
    +-----------------------+----------+-------+---+-----+------------+------------+
    |Total                  |          |      0|  0|  506|         211|         192|
    +-----------------------+----------+-------+---+-----+------------+------------+

    * Multiplexer: 
    +---------------------+----+-----------+-----+-----------+
    |         Name        | LUT| Input Size| Bits| Total Bits|
    +---------------------+----+-----------+-----+-----------+
    |ap_NS_fsm            |  89|         18|    1|         18|
    |convolute_2_reg_146  |   9|          2|   32|         64|
    |convolute_3_reg_179  |   9|          2|   32|         64|
    |k_0_reg_168          |   9|          2|    3|          6|
    |l_0_reg_200          |   9|          2|    3|          6|
    |x_0_reg_158          |   9|          2|    8|         16|
    |x_reg_123            |   9|          2|    7|         14|
    |y_1_reg_191          |   9|          2|    8|         16|
    |y_reg_134            |   9|          2|    7|         14|
    +---------------------+----+-----------+-----+-----------+
    |Total                | 161|         34|  101|        218|
    +---------------------+----+-----------+-----+-----------+

    * Register: 
    +-----------------------+----+----+-----+-----------+
    |          Name         | FF | LUT| Bits| Const Bits|
    +-----------------------+----+----+-----+-----------+
    |add_ln215_reg_568      |   6|   0|    6|          0|
    |add_ln32_reg_578       |  15|   0|   15|          0|
    |add_ln339_reg_636      |   9|   0|    9|          0|
    |ap_CS_fsm              |  17|   0|   17|          0|
    |convolute_2_reg_146    |  32|   0|   32|          0|
    |convolute_3_reg_179    |  32|   0|   32|          0|
    |i_reg_537              |   7|   0|    7|          0|
    |input_load_reg_611     |   8|   0|    8|          0|
    |isNeg_reg_641          |   1|   0|    1|          0|
    |j_reg_555              |   7|   0|    7|          0|
    |k_0_reg_168            |   3|   0|    3|          0|
    |k_reg_563              |   3|   0|    3|          0|
    |kernel_V_load_reg_616  |   4|   0|    4|          0|
    |l_0_reg_200            |   3|   0|    3|          0|
    |l_reg_586              |   3|   0|    3|          0|
    |sub_ln1311_reg_647     |   8|   0|    8|          0|
    |sub_ln32_reg_542       |  13|   0|   15|          2|
    |tmp_V_1_reg_631        |  23|   0|   23|          0|
    |tmp_reg_626            |  32|   0|   32|          0|
    |x_0_reg_158            |   8|   0|    8|          0|
    |x_reg_123              |   7|   0|    7|          0|
    |y_1_reg_191            |   8|   0|    8|          0|
    |y_2_reg_601            |   8|   0|    8|          0|
    |y_reg_134              |   7|   0|    7|          0|
    |zext_ln16_reg_529      |   7|   0|    8|          1|
    |zext_ln17_reg_547      |   7|   0|    8|          1|
    |zext_ln22_reg_573      |   8|   0|   16|          8|
    +-----------------------+----+----+-----+-----------+
    |Total                  | 286|   0|  298|         12|
    +-----------------------+----+----+-----+-----------+



================================================================
== Interface
================================================================
* Summary: 
+-------------------+-----+-----+------------+--------------+--------------+
|     RTL Ports     | Dir | Bits|  Protocol  | Source Object|    C Type    |
+-------------------+-----+-----+------------+--------------+--------------+
|ap_clk             |  in |    1| ap_ctrl_hs |  top_module  | return value |
|ap_rst             |  in |    1| ap_ctrl_hs |  top_module  | return value |
|ap_start           |  in |    1| ap_ctrl_hs |  top_module  | return value |
|ap_done            | out |    1| ap_ctrl_hs |  top_module  | return value |
|ap_idle            | out |    1| ap_ctrl_hs |  top_module  | return value |
|ap_ready           | out |    1| ap_ctrl_hs |  top_module  | return value |
|ap_return          | out |   32| ap_ctrl_hs |  top_module  | return value |
|output_r_address0  | out |   14|  ap_memory |   output_r   |     array    |
|output_r_ce0       | out |    1|  ap_memory |   output_r   |     array    |
|output_r_we0       | out |    1|  ap_memory |   output_r   |     array    |
|output_r_d0        | out |    8|  ap_memory |   output_r   |     array    |
|input_r_address0   | out |   14|  ap_memory |    input_r   |     array    |
|input_r_ce0        | out |    1|  ap_memory |    input_r   |     array    |
|input_r_q0         |  in |    8|  ap_memory |    input_r   |     array    |
|kernel_V_address0  | out |    5|  ap_memory |   kernel_V   |     array    |
|kernel_V_ce0       | out |    1|  ap_memory |   kernel_V   |     array    |
|kernel_V_q0        |  in |    4|  ap_memory |   kernel_V   |     array    |
|alpha_kernel       |  in |   32|   ap_none  | alpha_kernel |    scalar    |
+-------------------+-----+-----+------------+--------------+--------------+

